#
# There is insufficient memory for the Java Runtime Environment to continue.
# Native memory allocation (malloc) failed to allocate 1514096 bytes for Chunk::new
# Possible reasons:
#   The system is out of physical RAM or swap space
#   The process is running with CompressedOops enabled, and the Java Heap may be blocking the growth of the native heap
# Possible solutions:
#   Reduce memory load on the system
#   Increase physical memory or swap space
#   Check if swap backing store is full
#   Decrease Java heap size (-Xmx/-Xms)
#   Decrease number of Java threads
#   Decrease Java thread stack sizes (-Xss)
#   Set larger code cache with -XX:ReservedCodeCacheSize=
#   JVM is running with Unscaled Compressed Oops mode in which the Java heap is
#     placed in the first 4GB address space. The Java Heap base address is the
#     maximum limit for the native heap growth. Please use -XX:HeapBaseMinAddress
#     to set the Java Heap base and to place the Java Heap above 4GB virtual address.
# This output file may be truncated or incomplete.
#
#  Out of Memory Error (allocation.cpp:389), pid=12044, tid=0x00000000000018a8
#
# JRE version: OpenJDK Runtime Environment (8.0_202-b03) (build 1.8.0_202-release-1483-b03)
# Java VM: OpenJDK 64-Bit Server VM (25.202-b03 mixed mode windows-amd64 compressed oops)
# Failed to write core dump. Minidumps are not enabled by default on client versions of Windows
#

---------------  T H R E A D  ---------------

Current thread (0x00000000167fc000):  JavaThread "C2 CompilerThread0" daemon [_thread_in_native, id=6312, stack(0x0000000017f50000,0x0000000018050000)]

Stack: [0x0000000017f50000,0x0000000018050000]
[error occurred during error reporting (printing stack bounds), id 0xc0000005]

Native frames: (J=compiled Java code, j=interpreted, Vv=VM code, C=native code)


Current CompileTask:
C2:7118722 36351 %     4       com.android.tools.r8.dex.DexParser::a @ 161 (1326 bytes)


---------------  P R O C E S S  ---------------

Java Threads: ( => current thread )
  0x0000000024e94000 JavaThread "ForkJoinPool-10-worker-0" daemon [_thread_blocked, id=12316, stack(0x000000002b360000,0x000000002b460000)]
  0x0000000024e97000 JavaThread "ForkJoinPool-10-worker-3" daemon [_thread_blocked, id=3648, stack(0x000000002b260000,0x000000002b360000)]
  0x0000000024e8b000 JavaThread "ForkJoinPool-10-worker-2" daemon [_thread_blocked, id=7848, stack(0x000000002ac20000,0x000000002ad20000)]
  0x0000000024e89800 JavaThread "ForkJoinPool-10-worker-1" daemon [_thread_blocked, id=6792, stack(0x00000000295c0000,0x00000000296c0000)]
  0x0000000024e8e000 JavaThread "WorkerExecutor Queue Thread 6" [_thread_blocked, id=5392, stack(0x00000000294c0000,0x00000000295c0000)]
  0x000000001d855800 JavaThread "WorkerExecutor Queue Thread 5" [_thread_blocked, id=3396, stack(0x000000002b910000,0x000000002ba10000)]
  0x000000001d851000 JavaThread "Cache worker for Java compile cache (D:\IFB_new\IFB\.gradle\5.4.1\javaCompile)" [_thread_blocked, id=7104, stack(0x000000001b5a0000,0x000000001b6a0000)]
  0x000000001d84b000 JavaThread "stdout" [_thread_in_native, id=5396, stack(0x000000002ae20000,0x000000002af20000)]
  0x000000002290c800 JavaThread "stderr" [_thread_in_native, id=7016, stack(0x000000002ad20000,0x000000002ae20000)]
  0x000000002290b800 JavaThread "pool-18-thread-1" [_thread_blocked, id=10684, stack(0x000000002b010000,0x000000002b110000)]
  0x0000000022907000 JavaThread "WorkerExecutor Queue Thread 3" [_thread_in_Java, id=10076, stack(0x0000000029b00000,0x0000000029c00000)]
  0x00000000228ff800 JavaThread "Cache worker for execution history cache (D:\IFB_new\IFB\.gradle\5.4.1\executionHistory)" [_thread_blocked, id=5952, stack(0x00000000293c0000,0x00000000294c0000)]
  0x0000000022902000 JavaThread "Execution worker for ':' Thread 3" [_thread_blocked, id=5152, stack(0x00000000292c0000,0x00000000293c0000)]
  0x000000001c062000 JavaThread "Execution worker for ':' Thread 2" [_thread_blocked, id=8104, stack(0x00000000291c0000,0x00000000292c0000)]
  0x000000001c061800 JavaThread "Execution worker for ':'" [_thread_blocked, id=8460, stack(0x00000000290c0000,0x00000000291c0000)]
  0x000000001c060800 JavaThread "Cache worker for file content cache (D:\IFB_new\IFB\.gradle\5.4.1\fileContent)" [_thread_blocked, id=7064, stack(0x0000000028fc0000,0x00000000290c0000)]
  0x000000001c060000 JavaThread "Cache worker for Build Output Cleanup Cache (D:\IFB_new\IFB\.gradle\buildOutputCleanup)" [_thread_blocked, id=5868, stack(0x00000000272c0000,0x00000000273c0000)]
  0x000000001c058800 JavaThread "Build operations Thread 4" [_thread_blocked, id=9352, stack(0x00000000268c0000,0x00000000269c0000)]
  0x000000001c05f000 JavaThread "Build operations Thread 3" [_thread_blocked, id=6452, stack(0x00000000266c0000,0x00000000267c0000)]
  0x000000001c05d800 JavaThread "Build operations Thread 2" [_thread_blocked, id=13224, stack(0x00000000232b0000,0x00000000233b0000)]
  0x000000001c05d000 JavaThread "Build operations" [_thread_blocked, id=2176, stack(0x0000000021bb0000,0x0000000021cb0000)]
  0x000000001c05b800 JavaThread "Cache worker for cache directory md-rule (C:\Users\USER214.GCLKOL0214\.gradle\caches\5.4.1\md-rule)" [_thread_blocked, id=8476, stack(0x00000000212b0000,0x00000000213b0000)]
  0x000000001c05a800 JavaThread "Cache worker for cache directory md-supplier (C:\Users\USER214.GCLKOL0214\.gradle\caches\5.4.1\md-supplier)" [_thread_blocked, id=1900, stack(0x0000000020740000,0x0000000020840000)]
  0x000000001c05e800 JavaThread "Cache worker for file hash cache (D:\IFB_new\IFB\.gradle\5.4.1\fileHashes)" [_thread_blocked, id=1212, stack(0x0000000020340000,0x0000000020440000)]
  0x000000001c053000 JavaThread "Thread-142" [_thread_blocked, id=240, stack(0x000000001ea10000,0x000000001eb10000)]
  0x000000001c055800 JavaThread "Asynchronous log dispatcher for DefaultDaemonConnection: socket connection from /127.0.0.1:49826 to /127.0.0.1:65379" [_thread_blocked, id=12676, stack(0x000000001aaa0000,0x000000001aba0000)]
  0x000000001c057800 JavaThread "Daemon worker Thread 7" [_thread_blocked, id=7800, stack(0x000000001a8a0000,0x000000001a9a0000)]
  0x000000001c05a000 JavaThread "Cancel handler" [_thread_blocked, id=13012, stack(0x0000000017c50000,0x0000000017d50000)]
  0x000000001c056000 JavaThread "Handler for socket connection from /127.0.0.1:49826 to /127.0.0.1:65379" [_thread_in_native, id=1652, stack(0x0000000002c90000,0x0000000002d90000)]
  0x000000001c054800 JavaThread "Daemon Thread 7" [_thread_blocked, id=13052, stack(0x0000000001150000,0x0000000001250000)]
  0x0000000022906800 JavaThread "MarlinRenderer Disposer" daemon [_thread_blocked, id=12112, stack(0x0000000029800000,0x0000000029900000)]
  0x00000000228ff000 JavaThread "Java2D Disposer" daemon [_thread_blocked, id=3752, stack(0x00000000296c0000,0x00000000297c0000)]
  0x0000000022902800 JavaThread "Cache worker for Java compile cache (C:\Users\USER214.GCLKOL0214\.gradle\caches\5.4.1\javaCompile)" [_thread_blocked, id=9612, stack(0x00000000267c0000,0x00000000268c0000)]
  0x0000000022900800 JavaThread "Cache worker for file content cache (C:\Users\USER214.GCLKOL0214\.gradle\caches\5.4.1\fileContent)" [_thread_blocked, id=1052, stack(0x00000000235b0000,0x00000000236b0000)]
  0x000000001d851800 JavaThread "Memory manager" [_thread_blocked, id=2500, stack(0x00000000238b0000,0x00000000239b0000)]
  0x000000001d84e000 JavaThread "Cache worker for execution history cache (C:\Users\USER214.GCLKOL0214\.gradle\caches\5.4.1\executionHistory)" [_thread_blocked, id=10052, stack(0x0000000020440000,0x0000000020540000)]
  0x0000000019753800 JavaThread "Cache worker for journal cache (C:\Users\USER214.GCLKOL0214\.gradle\caches\journal-1)" [_thread_blocked, id=11396, stack(0x000000001b4a0000,0x000000001b5a0000)]
  0x0000000019753000 JavaThread "File lock request listener" [_thread_in_native, id=10188, stack(0x000000001b3a0000,0x000000001b4a0000)]
  0x0000000019b99000 JavaThread "Cache worker for file hash cache (C:\Users\USER214.GCLKOL0214\.gradle\caches\5.4.1\fileHashes)" [_thread_blocked, id=11860, stack(0x000000001b2a0000,0x000000001b3a0000)]
  0x0000000019803000 JavaThread "Daemon periodic checks" [_thread_blocked, id=3848, stack(0x000000001a9a0000,0x000000001aaa0000)]
  0x00000000185e6000 JavaThread "Incoming local TCP Connector on port 49826" [_thread_in_native, id=9744, stack(0x000000001a660000,0x000000001a760000)]
  0x00000000195c1800 JavaThread "Daemon health stats" [_thread_blocked, id=9920, stack(0x000000001a020000,0x000000001a120000)]
  0x000000001685e000 JavaThread "Service Thread" daemon [_thread_blocked, id=6052, stack(0x0000000018650000,0x0000000018750000)]
  0x0000000016809000 JavaThread "C1 CompilerThread2" daemon [_thread_in_vm, id=11344, stack(0x0000000018150000,0x0000000018250000)]
  0x00000000167ff000 JavaThread "C2 CompilerThread1" daemon [_thread_in_native, id=9224, stack(0x0000000018050000,0x0000000018150000)]
=>0x00000000167fc000 JavaThread "C2 CompilerThread0" daemon [_thread_in_native, id=6312, stack(0x0000000017f50000,0x0000000018050000)]
  0x00000000167f9800 JavaThread "Attach Listener" daemon [_thread_blocked, id=10060, stack(0x0000000017e50000,0x0000000017f50000)]
  0x00000000167f8800 JavaThread "Signal Dispatcher" daemon [_thread_blocked, id=9716, stack(0x0000000017d50000,0x0000000017e50000)]
  0x0000000002e8a800 JavaThread "Finalizer" daemon [_thread_blocked, id=4104, stack(0x0000000017a50000,0x0000000017b50000)]
  0x0000000002e80800 JavaThread "Reference Handler" daemon [_thread_blocked, id=11848, stack(0x0000000017950000,0x0000000017a50000)]
  0x0000000002afe000 JavaThread "main" [_thread_blocked, id=9244, stack(0x0000000002b90000,0x0000000002c90000)]

Other Threads:
  0x00000000167c6800 VMThread [stack: 0x0000000017850000,0x0000000017950000] [id=9872]
  0x0000000018276000 WatcherThread [stack: 0x0000000018750000,0x0000000018850000] [id=9128]

VM state:not at safepoint (normal execution)

VM Mutex/Monitor currently owned by a thread: None

heap address: 0x00000000a0000000, size: 1536 MB, Compressed Oops mode: 32-bit
Narrow klass base: 0x0000000000000000, Narrow klass shift: 3
Compressed class space size: 1073741824 Address: 0x0000000100000000

Heap:
 PSYoungGen      total 436224K, used 135462K [0x00000000e0000000, 0x00000000ffe80000, 0x0000000100000000)
  eden space 350720K, 14% used [0x00000000e0000000,0x00000000e30ce648,0x00000000f5680000)
  from space 85504K, 99% used [0x00000000fab00000,0x00000000ffe7b398,0x00000000ffe80000)
  to   space 86528K, 0% used [0x00000000f5680000,0x00000000f5680000,0x00000000fab00000)
 ParOldGen       total 553472K, used 370182K [0x00000000a0000000, 0x00000000c1c80000, 0x00000000e0000000)
  object space 553472K, 66% used [0x00000000a0000000,0x00000000b6981a48,0x00000000c1c80000)
 Metaspace       used 184917K, capacity 193999K, committed 195032K, reserved 1218560K
  class space    used 23383K, capacity 25132K, committed 25344K, reserved 1048576K

Card table byte_map: [0x0000000012250000,0x0000000012560000] byte_map_base: 0x0000000011d50000

Marking Bits: (ParMarkBitMap*) 0x0000000067359f30
 Begin Bits: [0x0000000012b60000, 0x0000000014360000)
 End Bits:   [0x0000000014360000, 0x0000000015b60000)

Polling page: 0x0000000000bf0000

CodeCache: size=245760Kb used=93038Kb max_used=93849Kb free=152721Kb
 bounds [0x0000000002e90000, 0x0000000008ac0000, 0x0000000011e90000]
 total_blobs=27587 nmethods=26506 adapters=992
 compilation: enabled

Compilation events (10 events):
Event: 7118.261 Thread 0x0000000016809000 36481       2       com.android.tools.r8.code.e0::<init> (20 bytes)
Event: 7118.261 Thread 0x0000000016809000 nmethod 36481 0x0000000008ab5a10 code [0x0000000008ab5b80, 0x0000000008ab5da8]
Event: 7118.261 Thread 0x0000000016809000 36478       2       com.android.tools.r8.code.InvokeSuper::<init> (11 bytes)
Event: 7118.261 Thread 0x0000000016809000 nmethod 36478 0x0000000008ab5f50 code [0x0000000008ab60c0, 0x0000000008ab6228]
Event: 7118.261 Thread 0x0000000016809000 36464       2       com.android.tools.r8.code.IputWide::<init> (11 bytes)
Event: 7118.262 Thread 0x0000000016809000 nmethod 36464 0x0000000008ab6310 code [0x0000000008ab6480, 0x0000000008ab65e8]
Event: 7118.263 Thread 0x0000000016809000 36487       2       com.android.tools.r8.code.U0::<init> (59 bytes)
Event: 7118.264 Thread 0x0000000016809000 nmethod 36487 0x0000000008ab66d0 code [0x0000000008ab68a0, 0x0000000008ab6e08]
Event: 7118.279 Thread 0x0000000016809000 36489       2       com.android.tools.r8.code.Format22s::<init> (34 bytes)
Event: 7118.279 Thread 0x0000000016809000 nmethod 36489 0x0000000008ab7490 code [0x0000000008ab7600, 0x0000000008ab7828]

GC Heap History (10 events):
Event: 7068.741 GC heap before
{Heap before GC invocations=84 (full 7):
 PSYoungGen      total 463360K, used 60924K [0x00000000e0000000, 0x0000000100000000, 0x0000000100000000)
  eden space 402432K, 0% used [0x00000000e0000000,0x00000000e0000000,0x00000000f8900000)
  from space 60928K, 99% used [0x00000000f8900000,0x00000000fc47f048,0x00000000fc480000)
  to   space 60928K, 0% used [0x00000000fc480000,0x00000000fc480000,0x0000000100000000)
 ParOldGen       total 418304K, used 374307K [0x00000000a0000000, 0x00000000b9880000, 0x00000000e0000000)
  object space 418304K, 89% used [0x00000000a0000000,0x00000000b6d88c70,0x00000000b9880000)
 Metaspace       used 182337K, capacity 190901K, committed 192728K, reserved 1216512K
  class space    used 23069K, capacity 24717K, committed 25088K, reserved 1048576K
Event: 7070.120 GC heap after
Heap after GC invocations=84 (full 7):
 PSYoungGen      total 463360K, used 0K [0x00000000e0000000, 0x0000000100000000, 0x0000000100000000)
  eden space 402432K, 0% used [0x00000000e0000000,0x00000000e0000000,0x00000000f8900000)
  from space 60928K, 0% used [0x00000000f8900000,0x00000000f8900000,0x00000000fc480000)
  to   space 60928K, 0% used [0x00000000fc480000,0x00000000fc480000,0x0000000100000000)
 ParOldGen       total 553472K, used 270842K [0x00000000a0000000, 0x00000000c1c80000, 0x00000000e0000000)
  object space 553472K, 48% used [0x00000000a0000000,0x00000000b087e998,0x00000000c1c80000)
 Metaspace       used 182330K, capacity 190881K, committed 192728K, reserved 1216512K
  class space    used 23067K, capacity 24713K, committed 25088K, reserved 1048576K
}
Event: 7073.535 GC heap before
{Heap before GC invocations=85 (full 7):
 PSYoungGen      total 463360K, used 402432K [0x00000000e0000000, 0x0000000100000000, 0x0000000100000000)
  eden space 402432K, 100% used [0x00000000e0000000,0x00000000f8900000,0x00000000f8900000)
  from space 60928K, 0% used [0x00000000f8900000,0x00000000f8900000,0x00000000fc480000)
  to   space 60928K, 0% used [0x00000000fc480000,0x00000000fc480000,0x0000000100000000)
 ParOldGen       total 553472K, used 270842K [0x00000000a0000000, 0x00000000c1c80000, 0x00000000e0000000)
  object space 553472K, 48% used [0x00000000a0000000,0x00000000b087e998,0x00000000c1c80000)
 Metaspace       used 183377K, capacity 192069K, committed 193624K, reserved 1218560K
  class space    used 23206K, capacity 24891K, committed 25216K, reserved 1048576K
Event: 7073.578 GC heap after
Heap after GC invocations=85 (full 7):
 PSYoungGen      total 411136K, used 37823K [0x00000000e0000000, 0x0000000100000000, 0x0000000100000000)
  eden space 350208K, 0% used [0x00000000e0000000,0x00000000e0000000,0x00000000f5600000)
  from space 60928K, 62% used [0x00000000fc480000,0x00000000fe96fd60,0x0000000100000000)
  to   space 87040K, 0% used [0x00000000f5600000,0x00000000f5600000,0x00000000fab00000)
 ParOldGen       total 553472K, used 270850K [0x00000000a0000000, 0x00000000c1c80000, 0x00000000e0000000)
  object space 553472K, 48% used [0x00000000a0000000,0x00000000b0880998,0x00000000c1c80000)
 Metaspace       used 183377K, capacity 192069K, committed 193624K, reserved 1218560K
  class space    used 23206K, capacity 24891K, committed 25216K, reserved 1048576K
}
Event: 7104.051 GC heap before
{Heap before GC invocations=86 (full 7):
 PSYoungGen      total 411136K, used 388031K [0x00000000e0000000, 0x0000000100000000, 0x0000000100000000)
  eden space 350208K, 100% used [0x00000000e0000000,0x00000000f5600000,0x00000000f5600000)
  from space 60928K, 62% used [0x00000000fc480000,0x00000000fe96fd60,0x0000000100000000)
  to   space 87040K, 0% used [0x00000000f5600000,0x00000000f5600000,0x00000000fab00000)
 ParOldGen       total 553472K, used 270850K [0x00000000a0000000, 0x00000000c1c80000, 0x00000000e0000000)
  object space 553472K, 48% used [0x00000000a0000000,0x00000000b0880998,0x00000000c1c80000)
 Metaspace       used 184293K, capacity 193189K, committed 194392K, reserved 1218560K
  class space    used 23316K, capacity 25021K, committed 25216K, reserved 1048576K
Event: 7104.131 GC heap after
Heap after GC invocations=86 (full 7):
 PSYoungGen      total 437248K, used 43533K [0x00000000e0000000, 0x0000000100000000, 0x0000000100000000)
  eden space 350208K, 0% used [0x00000000e0000000,0x00000000e0000000,0x00000000f5600000)
  from space 87040K, 50% used [0x00000000f5600000,0x00000000f80837c0,0x00000000fab00000)
  to   space 86528K, 0% used [0x00000000fab80000,0x00000000fab80000,0x0000000100000000)
 ParOldGen       total 553472K, used 289929K [0x00000000a0000000, 0x00000000c1c80000, 0x00000000e0000000)
  object space 553472K, 52% used [0x00000000a0000000,0x00000000b1b22768,0x00000000c1c80000)
 Metaspace       used 184293K, capacity 193189K, committed 194392K, reserved 1218560K
  class space    used 23316K, capacity 25021K, committed 25216K, reserved 1048576K
}
Event: 7104.448 GC heap before
{Heap before GC invocations=87 (full 7):
 PSYoungGen      total 437248K, used 393741K [0x00000000e0000000, 0x0000000100000000, 0x0000000100000000)
  eden space 350208K, 100% used [0x00000000e0000000,0x00000000f5600000,0x00000000f5600000)
  from space 87040K, 50% used [0x00000000f5600000,0x00000000f80837c0,0x00000000fab00000)
  to   space 86528K, 0% used [0x00000000fab80000,0x00000000fab80000,0x0000000100000000)
 ParOldGen       total 553472K, used 289929K [0x00000000a0000000, 0x00000000c1c80000, 0x00000000e0000000)
  object space 553472K, 52% used [0x00000000a0000000,0x00000000b1b22768,0x00000000c1c80000)
 Metaspace       used 184293K, capacity 193189K, committed 194392K, reserved 1218560K
  class space    used 23316K, capacity 25021K, committed 25216K, reserved 1048576K
Event: 7104.482 GC heap after
Heap after GC invocations=87 (full 7):
 PSYoungGen      total 436736K, used 96K [0x00000000e0000000, 0x00000000fff80000, 0x0000000100000000)
  eden space 350720K, 0% used [0x00000000e0000000,0x00000000e0000000,0x00000000f5680000)
  from space 86016K, 0% used [0x00000000fab80000,0x00000000fab98000,0x00000000fff80000)
  to   space 86528K, 0% used [0x00000000f5680000,0x00000000f5680000,0x00000000fab00000)
 ParOldGen       total 553472K, used 322245K [0x00000000a0000000, 0x00000000c1c80000, 0x00000000e0000000)
  object space 553472K, 58% used [0x00000000a0000000,0x00000000b3ab1570,0x00000000c1c80000)
 Metaspace       used 184293K, capacity 193189K, committed 194392K, reserved 1218560K
  class space    used 23316K, capacity 25021K, committed 25216K, reserved 1048576K
}
Event: 7104.728 GC heap before
{Heap before GC invocations=88 (full 7):
 PSYoungGen      total 436736K, used 350816K [0x00000000e0000000, 0x00000000fff80000, 0x0000000100000000)
  eden space 350720K, 100% used [0x00000000e0000000,0x00000000f5680000,0x00000000f5680000)
  from space 86016K, 0% used [0x00000000fab80000,0x00000000fab98000,0x00000000fff80000)
  to   space 86528K, 0% used [0x00000000f5680000,0x00000000f5680000,0x00000000fab00000)
 ParOldGen       total 553472K, used 322245K [0x00000000a0000000, 0x00000000c1c80000, 0x00000000e0000000)
  object space 553472K, 58% used [0x00000000a0000000,0x00000000b3ab1570,0x00000000c1c80000)
 Metaspace       used 184293K, capacity 193189K, committed 194392K, reserved 1218560K
  class space    used 23316K, capacity 25021K, committed 25216K, reserved 1048576K
Event: 7104.732 GC heap after
Heap after GC invocations=88 (full 7):
 PSYoungGen      total 437248K, used 96K [0x00000000e0000000, 0x00000000ffe80000, 0x0000000100000000)
  eden space 350720K, 0% used [0x00000000e0000000,0x00000000e0000000,0x00000000f5680000)
  from space 86528K, 0% used [0x00000000f5680000,0x00000000f5698000,0x00000000fab00000)
  to   space 85504K, 0% used [0x00000000fab00000,0x00000000fab00000,0x00000000ffe80000)
 ParOldGen       total 553472K, used 322261K [0x00000000a0000000, 0x00000000c1c80000, 0x00000000e0000000)
  object space 553472K, 58% used [0x00000000a0000000,0x00000000b3ab5570,0x00000000c1c80000)
 Metaspace       used 184293K, capacity 193189K, committed 194392K, reserved 1218560K
  class space    used 23316K, capacity 25021K, committed 25216K, reserved 1048576K
}

Deoptimization events (10 events):
Event: 7117.240 Thread 0x0000000024e8b000 Uncommon trap: reason=class_check action=maybe_recompile pc=0x00000000089e14ec method=com.android.tools.r8.dex.DexParser.a(ILjava/util/function/Supplier;)Ljava/lang/Object; @ 33
Event: 7117.240 Thread 0x0000000024e94000 Uncommon trap: reason=class_check action=maybe_recompile pc=0x00000000089e14ec method=com.android.tools.r8.dex.DexParser.a(ILjava/util/function/Supplier;)Ljava/lang/Object; @ 33
Event: 7117.241 Thread 0x0000000024e97000 Uncommon trap: reason=class_check action=maybe_recompile pc=0x00000000089e14ec method=com.android.tools.r8.dex.DexParser.a(ILjava/util/function/Supplier;)Ljava/lang/Object; @ 33
Event: 7117.914 Thread 0x0000000024e94000 Uncommon trap: reason=unstable_if action=reinterpret pc=0x0000000005ae762c method=com.android.tools.r8.utils.LebUtils.parseUleb128(Lcom/android/tools/r8/dex/BinaryReader;)I @ 26
Event: 7117.920 Thread 0x0000000024e8b000 Uncommon trap: reason=unstable_if action=reinterpret pc=0x0000000008a15240 method=com.android.tools.r8.dex.DexParser$d.a(Lcom/android/tools/r8/graph/i;)Lcom/android/tools/r8/graph/DexItem; @ 13
Event: 7118.007 Thread 0x0000000024e94000 Uncommon trap: reason=unloaded action=reinterpret pc=0x0000000008a19ec0 method=com.android.tools.r8.dex.DexParser.j()Lcom/android/tools/r8/graph/DexValue; @ 277
Event: 7118.007 Thread 0x0000000024e8b000 Uncommon trap: reason=unloaded action=reinterpret pc=0x0000000008a19ec0 method=com.android.tools.r8.dex.DexParser.j()Lcom/android/tools/r8/graph/DexValue; @ 277
Event: 7118.007 Thread 0x0000000024e89800 Uncommon trap: reason=unloaded action=reinterpret pc=0x0000000008a19ec0 method=com.android.tools.r8.dex.DexParser.j()Lcom/android/tools/r8/graph/DexValue; @ 277
Event: 7118.095 Thread 0x0000000024e89800 Uncommon trap: reason=unstable_if action=reinterpret pc=0x0000000005ad4b88 method=com.android.tools.r8.n.a.a.a.g.f0.get(I)Ljava/lang/Object; @ 1
Event: 7118.239 Thread 0x0000000024e8b000 Uncommon trap: reason=unloaded action=reinterpret pc=0x0000000008a953fc method=com.android.tools.r8.code.InstructionFactory.readSequenceFrom(Ljava/nio/ShortBuffer;IILcom/android/tools/r8/graph/OffsetToObjectMapping;)[Lcom/android/tools/r8/code/Instruction

Classes redefined (0 events):
No events

Internal exceptions (10 events):
Event: 7083.445 Thread 0x000000001c061800 Exception <a 'sun/nio/fs/WindowsException'> (0x00000000e7a98ef8) thrown at [D:\src\AOSP-openjdk-cygwin\jdk8u\hotspot\src\share\vm\prims\jni.cpp, line 710]
Event: 7083.447 Thread 0x000000001c061800 Exception <a 'sun/nio/fs/WindowsException'> (0x00000000e7a99bf0) thrown at [D:\src\AOSP-openjdk-cygwin\jdk8u\hotspot\src\share\vm\prims\jni.cpp, line 710]
Event: 7103.292 Thread 0x000000001d855800 Implicit null exception at 0x0000000007dcd823 to 0x0000000007dcd94d
Event: 7103.361 Thread 0x000000001d855800 Implicit null exception at 0x00000000076b4981 to 0x00000000076b9525
Event: 7103.361 Thread 0x000000001d855800 Implicit null exception at 0x0000000008289ee4 to 0x000000000828b7cd
Event: 7103.361 Thread 0x000000001d855800 Implicit null exception at 0x000000000781d718 to 0x000000000781d7bd
Event: 7103.361 Thread 0x000000001d855800 Implicit null exception at 0x00000000072cec4b to 0x00000000072ced35
Event: 7103.362 Thread 0x000000001d855800 Implicit null exception at 0x00000000069be6f1 to 0x00000000069bedb9
Event: 7105.531 Thread 0x000000001c062000 Exception <a 'java/lang/NoSuchMethodError': <clinit>> (0x00000000e40348f8) thrown at [D:\src\AOSP-openjdk-cygwin\jdk8u\hotspot\src\share\vm\prims\jni.cpp, line 1614]
Event: 7116.427 Thread 0x0000000022907000 Exception <a 'sun/nio/fs/WindowsException'> (0x00000000e6486318) thrown at [D:\src\AOSP-openjdk-cygwin\jdk8u\hotspot\src\share\vm\prims\jni.cpp, line 710]

Events (10 events):
Event: 7118.058 Thread 0x00000000167ff000 flushing nmethod 0x00000000088ba790
Event: 7118.058 Thread 0x00000000167ff000 flushing nmethod 0x000000000891be50
Event: 7118.058 Thread 0x00000000167ff000 flushing nmethod 0x0000000008962c50
Event: 7118.058 Thread 0x00000000167ff000 flushing nmethod 0x00000000089d2c50
Event: 7118.095 Thread 0x0000000024e89800 Uncommon trap: trap_request=0xffffff65 fr.pc=0x0000000005ad4b88
Event: 7118.095 Thread 0x0000000024e89800 DEOPT PACKING pc=0x0000000005ad4b88 sp=0x00000000296be5e0
Event: 7118.095 Thread 0x0000000024e89800 DEOPT UNPACKING pc=0x0000000002ed557b sp=0x00000000296be570 mode 2
Event: 7118.239 Thread 0x0000000024e8b000 Uncommon trap: trap_request=0x00000099 fr.pc=0x0000000008a953fc
Event: 7118.239 Thread 0x0000000024e8b000 DEOPT PACKING pc=0x0000000008a953fc sp=0x000000002ad1f180
Event: 7118.239 Thread 0x0000000024e8b000 DEOPT UNPACKING pc=0x0000000002ed557b sp=0x000000002ad1f158 mode 2


Dynamic libraries:
0x00007ff69ae70000 - 0x00007ff69aea1000 	C:\Program Files\Android\Android Studio2\jre\bin\java.exe
0x00007ffd2d240000 - 0x00007ffd2d430000 	C:\WINDOWS\SYSTEM32\ntdll.dll
0x00007ffd2b380000 - 0x00007ffd2b432000 	C:\WINDOWS\System32\KERNEL32.DLL
0x00007ffd2b010000 - 0x00007ffd2b2b3000 	C:\WINDOWS\System32\KERNELBASE.dll
0x00007ffd2ccb0000 - 0x00007ffd2cd53000 	C:\WINDOWS\System32\ADVAPI32.dll
0x00007ffd2bd40000 - 0x00007ffd2bdde000 	C:\WINDOWS\System32\msvcrt.dll
0x00007ffd2cd60000 - 0x00007ffd2cdf7000 	C:\WINDOWS\System32\sechost.dll
0x00007ffd2b650000 - 0x00007ffd2b770000 	C:\WINDOWS\System32\RPCRT4.dll
0x00007ffd2ce00000 - 0x00007ffd2cf94000 	C:\WINDOWS\System32\USER32.dll
0x00007ffd2b2c0000 - 0x00007ffd2b2e1000 	C:\WINDOWS\System32\win32u.dll
0x00007ffd2b770000 - 0x00007ffd2b796000 	C:\WINDOWS\System32\GDI32.dll
0x00007ffd2ae40000 - 0x00007ffd2afd4000 	C:\WINDOWS\System32\gdi32full.dll
0x00007ffd2a5b0000 - 0x00007ffd2a64e000 	C:\WINDOWS\System32\msvcp_win.dll
0x00007ffd2a280000 - 0x00007ffd2a37a000 	C:\WINDOWS\System32\ucrtbase.dll
0x00007ffd1f4a0000 - 0x00007ffd1f725000 	C:\WINDOWS\WinSxS\amd64_microsoft.windows.common-controls_6595b64144ccf1df_6.0.18362.535_none_e6c3b34713100821\COMCTL32.dll
0x00007ffd2ba00000 - 0x00007ffd2bd36000 	C:\WINDOWS\System32\combase.dll
0x00007ffd2a530000 - 0x00007ffd2a5b0000 	C:\WINDOWS\System32\bcryptPrimitives.dll
0x00007ffd2b2f0000 - 0x00007ffd2b31e000 	C:\WINDOWS\System32\IMM32.DLL
0x0000000066ab0000 - 0x0000000066b82000 	C:\Program Files\Android\Android Studio2\jre\jre\bin\msvcr100.dll
0x0000000066b90000 - 0x00000000673d6000 	C:\Program Files\Android\Android Studio2\jre\jre\bin\server\jvm.dll
0x00007ffd2b9f0000 - 0x00007ffd2b9f8000 	C:\WINDOWS\System32\PSAPI.DLL
0x00007ffd179b0000 - 0x00007ffd179b9000 	C:\WINDOWS\SYSTEM32\WSOCK32.dll
0x00007ffd2c5e0000 - 0x00007ffd2c64f000 	C:\WINDOWS\System32\WS2_32.dll
0x00007ffd28050000 - 0x00007ffd28074000 	C:\WINDOWS\SYSTEM32\WINMM.dll
0x00007ffd249b0000 - 0x00007ffd249ba000 	C:\WINDOWS\SYSTEM32\VERSION.dll
0x00007ffd28020000 - 0x00007ffd2804d000 	C:\WINDOWS\SYSTEM32\WINMMBASE.dll
0x00007ffd2a650000 - 0x00007ffd2a69a000 	C:\WINDOWS\System32\cfgmgr32.dll
0x00007ffcf8030000 - 0x00007ffcf803f000 	C:\Program Files\Android\Android Studio2\jre\jre\bin\verify.dll
0x00007ffceb850000 - 0x00007ffceb879000 	C:\Program Files\Android\Android Studio2\jre\jre\bin\java.dll
0x00007ffcea840000 - 0x00007ffcea856000 	C:\Program Files\Android\Android Studio2\jre\jre\bin\zip.dll
0x00007ffd2bef0000 - 0x00007ffd2c5d5000 	C:\WINDOWS\System32\SHELL32.dll
0x00007ffd2b870000 - 0x00007ffd2b919000 	C:\WINDOWS\System32\shcore.dll
0x00007ffd2a6a0000 - 0x00007ffd2ae1f000 	C:\WINDOWS\System32\windows.storage.dll
0x00007ffd2a1b0000 - 0x00007ffd2a1cf000 	C:\WINDOWS\System32\profapi.dll
0x00007ffd2a160000 - 0x00007ffd2a1aa000 	C:\WINDOWS\System32\powrprof.dll
0x00007ffd2a110000 - 0x00007ffd2a120000 	C:\WINDOWS\System32\UMPDC.dll
0x00007ffd2b320000 - 0x00007ffd2b372000 	C:\WINDOWS\System32\shlwapi.dll
0x00007ffd2a140000 - 0x00007ffd2a151000 	C:\WINDOWS\System32\kernel.appcore.dll
0x00007ffd2ae20000 - 0x00007ffd2ae37000 	C:\WINDOWS\System32\cryptsp.dll
0x00007ffcea820000 - 0x00007ffcea83a000 	C:\Program Files\Android\Android Studio2\jre\jre\bin\net.dll
0x00007ffd29980000 - 0x00007ffd299e7000 	C:\WINDOWS\system32\mswsock.dll
0x00007ffcea800000 - 0x00007ffcea811000 	C:\Program Files\Android\Android Studio2\jre\jre\bin\nio.dll
0x00007ffd185a0000 - 0x00007ffd185c6000 	C:\Users\USER214.GCLKOL0214\.gradle\native\29\windows-amd64\native-platform.dll
0x00007ffceb840000 - 0x00007ffceb84d000 	C:\Program Files\Android\Android Studio2\jre\jre\bin\management.dll
0x00007ffd294f0000 - 0x00007ffd29523000 	C:\WINDOWS\system32\rsaenh.dll
0x00007ffd2afe0000 - 0x00007ffd2b006000 	C:\WINDOWS\System32\bcrypt.dll
0x00007ffd2a030000 - 0x00007ffd2a055000 	C:\WINDOWS\SYSTEM32\USERENV.dll
0x00007ffd29b50000 - 0x00007ffd29b5c000 	C:\WINDOWS\SYSTEM32\CRYPTBASE.dll
0x00007ffd29690000 - 0x00007ffd296ca000 	C:\WINDOWS\SYSTEM32\IPHLPAPI.DLL
0x00007ffd2c650000 - 0x00007ffd2c658000 	C:\WINDOWS\System32\NSI.dll
0x00007ffd22710000 - 0x00007ffd22726000 	C:\WINDOWS\SYSTEM32\dhcpcsvc6.DLL
0x00007ffd226f0000 - 0x00007ffd2270c000 	C:\WINDOWS\SYSTEM32\dhcpcsvc.DLL
0x00007ffd296d0000 - 0x00007ffd2979a000 	C:\WINDOWS\SYSTEM32\DNSAPI.dll
0x00007ffceaff0000 - 0x00007ffceb014000 	C:\Program Files\Android\Android Studio2\jre\jre\bin\sunec.dll
0x00007ffd1f760000 - 0x00007ffd1f76a000 	C:\Windows\System32\rasadhlp.dll
0x00007ffd20540000 - 0x00007ffd205b7000 	C:\WINDOWS\System32\fwpuclnt.dll
0x00007ffcf8040000 - 0x00007ffcf804b000 	C:\Program Files\Android\Android Studio2\jre\jre\bin\sunmscapi.dll
0x00007ffd2a3e0000 - 0x00007ffd2a529000 	C:\WINDOWS\System32\CRYPT32.dll
0x00007ffd2a120000 - 0x00007ffd2a132000 	C:\WINDOWS\System32\MSASN1.dll
0x00007ffd291f0000 - 0x00007ffd29221000 	C:\WINDOWS\SYSTEM32\ntmarta.dll
0x00007ffce9290000 - 0x00007ffce942c000 	C:\Program Files\Android\Android Studio2\jre\jre\bin\awt.dll
0x00007ffd2b920000 - 0x00007ffd2b9e4000 	C:\WINDOWS\System32\OLEAUT32.dll
0x00007ffd28780000 - 0x00007ffd287ad000 	C:\WINDOWS\SYSTEM32\dwmapi.dll
0x00007ffd26fc0000 - 0x00007ffd27580000 	C:\WINDOWS\SYSTEM32\d2d1.dll
0x00007ffd282b0000 - 0x00007ffd2833f000 	C:\WINDOWS\SYSTEM32\apphelp.dll
0x00007ffd28430000 - 0x00007ffd284c9000 	C:\WINDOWS\system32\uxtheme.dll

VM Arguments:
jvm_args: -Xmx1536m -Dfile.encoding=windows-1252 -Duser.country=US -Duser.language=en -Duser.variant 
java_command: org.gradle.launcher.daemon.bootstrap.GradleDaemon 5.4.1
java_class_path (initial): C:\Users\USER214.GCLKOL0214\.gradle\wrapper\dists\gradle-5.4.1-all\3221gyojl5jsh0helicew7rwx\gradle-5.4.1\lib\gradle-launcher-5.4.1.jar
Launcher Type: SUN_STANDARD

Environment Variables:
PATH=C:\WINDOWS\system32;C:\WINDOWS;C:\WINDOWS\System32\Wbem;C:\WINDOWS\System32\WindowsPowerShell\v1.0\;C:\WINDOWS\System32\OpenSSH\;C:\Program Files (x86)\Intel\Intel(R) Management Engine Components\DAL;C:\Program Files\Intel\Intel(R) Management Engine Components\DAL;C:\Users\USER214.GCLKOL0214\AppData\Local\Microsoft\WindowsApps;
USERNAME=USER214
OS=Windows_NT
PROCESSOR_IDENTIFIER=Intel64 Family 6 Model 158 Stepping 10, GenuineIntel



---------------  S Y S T E M  ---------------

OS: Windows 10.0 , 64 bit Build 18362 (10.0.18362.329)

CPU:total 4 (initial active 4) (2 cores per cpu, 2 threads per core) family 6 model 158 stepping 10, cmov, cx8, fxsr, mmx, sse, sse2, sse3, ssse3, sse4.1, sse4.2, popcnt, aes, clmul, erms, 3dnowpref, lzcnt, ht, tsc, tscinvbit

Memory: 4k page, physical 8257900k(317284k free), swap 33423724k(1584k free)

vm_info: OpenJDK 64-Bit Server VM (25.202-b03) for windows-amd64 JRE (1.8.0_202-release-1483-b03), built by "builder" with MS VC++ 10.0 (VS2010)

time: Sat Feb 01 11:35:08 2020
timezone: India Standard Time
elapsed time: 7119 seconds (0d 1h 58m 39s)

